Nothing to build in platform 'mb_usb_hdmi_top'

11:16:06 **** Incremental Build of configuration Debug for project mb_pacman ****
make all 
'Building file: ../src/pinky.c'
'Invoking: MicroBlaze gcc compiler'
mb-gcc -Wall -O0 -g3 -c -fmessage-length=0 -MT"src/pinky.o" -IC:/Users/arhan/Documents/pacman2/packman/workspace/mb_usb_hdmi_top/export/mb_usb_hdmi_top/sw/mb_usb_hdmi_top/standalone_microblaze_0/bspinclude/include -mno-xl-reorder -mlittle-endian -mxl-barrel-shift -mxl-pattern-compare -mcpu=v11.0 -mno-xl-soft-mul -Wl,--no-relax -ffunction-sections -fdata-sections -MMD -MP -MF"src/pinky.d" -MT"src/pinky.o" -o "src/pinky.o" "../src/pinky.c"
'Finished building: ../src/pinky.c'
' '
'Building target: mb_pacman.elf'
'Invoking: MicroBlaze gcc linker'
mb-gcc -Wl,-T -Wl,../src/lscript.ld -LC:/Users/arhan/Documents/pacman2/packman/workspace/mb_usb_hdmi_top/export/mb_usb_hdmi_top/sw/mb_usb_hdmi_top/standalone_microblaze_0/bsplib/lib -mlittle-endian -mxl-barrel-shift -mxl-pattern-compare -mcpu=v11.0 -mno-xl-soft-mul -Wl,--no-relax -Wl,--gc-sections -o "mb_pacman.elf"  ./src/lw_usb/HID.o ./src/lw_usb/MAX3421E.o ./src/lw_usb/transfer.o  ./src/blinky.o ./src/lw_usb_main.o ./src/pinky.o ./src/platform.o   -Wl,--start-group,-lxil,-lgcc,-lc,--end-group
'Finished building target: mb_pacman.elf'
' '
'Invoking: MicroBlaze Print Size'
mb-size mb_pacman.elf  |tee "mb_pacman.elf.size"
   text	   data	    bss	    dec	    hex	filename
  36172	   5008	   3756	  44936	   af88	mb_pacman.elf
'Finished building: mb_pacman.elf.size'
' '
11:16:07 **** Incremental Build of configuration Debug for project mb_pacman_system ****
make all 
Skipping SD card image generation. Reason: "The system project only has applications for microblaze processors."
