instr_mux: 
keep__6: 
logic__403: 
case__112: 
datapath__12: 
reg__173: 
case__68: 
logic__434: 
case__129: 
MB_DSP48E1__parameterized3: 
dsp_module: 
reg__249: 
case__85: 
reg__179: 
muxpart__7: 
datapath__61: 
MB_SRL16E__parameterized8: 
reg__66: 
reg__168: 
logic__1021: 
logic__53: 
logic__27: 
reg__183: 
logic__322: 
reg__210: 
logic__959: 
MB_SRL16E__parameterized12: 
reg__121: 
datapath__6: 
case__20: 
logic__300: 
logic__259: 
reg__191: 
reg__160: 
logic__271: 
case__16: 
logic__781: 
datapath__10: 
MB_LUT4__parameterized19: 
reg__94: 
reg__19: 
MB_LUT4__parameterized3: 
reg__79: 
reg__89: 
reg__201: 
reg__98: 
logic__63: 
logic__1103: 
case__65: 
logic__1199: 
carry_equal: 
logic__272: 
logic__1025: 
datapath__13: 
reg__56: 
case__79: 
logic__965: 
case__7: 
reg__50: 
reg__211: 
reg__161: 
logic__844: 
logic__1002: 
reg__10: 
MB_LUT3__parameterized9: 
logic__446: 
reg__84: 
keep__1: 
Register_File: 
logic__587: 
logic__947: 
logic__711: 
reg__34: 
mb_sync_bit: 
logic__438: 
address_hit: 
logic__287: 
logic__199: 
mux4_8: 
reg__169: 
logic__1010: 
reg__196: 
logic__314: 
reg__219: 
logic__1063: 
MB_LUT6_2__parameterized14: 
case__43: 
PC_Module: 
logic__506: 
case__134: 
logic__339: 
logic__62: 
mux_bus: 
case__139: 
logic__566: 
MB_DSP48E1: 
reg__214: 
case__98: 
reg__69: 
dsp_module__parameterized1: 
logic__795: 
case__125: 
datapath__41: 
logic__1175: 
logic__732: 
reg__72: 
case__84: 
logic__55: 
case__107: 
MB_LUT3__parameterized7: 
logic__1212: 
logic__158: 
logic__321: 
logic__1030: 
reg__229: 
logic__209: 
reg__58: 
logic__66: 
logic__1148: 
datapath__38: 
logic__392: 
reg__59: 
case__29: 
logic__8: 
logic__201: 
logic__865: 
logic__181: 
reg__144: 
logic__1125: 
reg__131: 
case__51: 
case__101: 
logic__623: 
logic__367: 
logic__420: 
Operand_Select_Bit__parameterized2: 
logic__1169: 
logic__157: 
case__124: 
reg__126: 
reg__234: 
logic__83: 
reg__110: 
reg__149: 
case__93: 
reg__208: 
logic__991: 
logic__626: 
datapath__4: 
reg__185: 
keep__11: 
datapath__19: 
reg__12: 
datapath__7: 
logic__425: 
logic__152: 
MB_FDSE: 
case__8: 
datapath__54: 
reg__158: 
reg__74: 
reg__226: 
MB_LUT6_2__parameterized6: 
logic__447: 
case__110: 
logic__1241: 
mb_sync_vec__parameterized1: 
logic__788: 
reg__198: 
case__113: 
reg__76: 
case__128: 
keep__4: 
reg__156: 
reg__143: 
datapath__42: 
logic__342: 
case__21: 
case__88: 
logic__1081: 
logic__523: 
reg__238: 
reg__93: 
logic__103: 
reg__31: 
datapath__30: 
logic__40: 
logic__419: 
logic__1181: 
logic__51: 
logic__139: 
case__12: 
reg__88: 
logic__52: 
Byte_Doublet_Handle: 
logic__802: 
reg__212: 
case__73: 
counter: 
datapath__2: 
MB_LUT5__parameterized1: 
logic__160: 
mb_sync_vec: 
case__100: 
reg__251: 
Operand_Select_Bit: 
logic__167: 
reg__202: 
datapath__67: 
reg__166: 
MB_RAM32X1D: 
logic__134: 
MicroBlaze_Area: 
logic__634: 
logic__57: 
logic__156: 
logic__599: 
reg__2: 
reg__190: 
reg__78: 
MB_MULT_AND: 
logic__1121: 
logic__1171: 
reg__35: 
logic__116: 
logic__59: 
reg__52: 
logic__381: 
MB_FDE: 
reg__140: 
reg__87: 
logic__413: 
case__61: 
reg__240: 
reg__194: 
DAXI_interface: 
logic__29: 
logic__325: 
logic__922: 
reg__86: 
mb_sync_bit__parameterized4: 
logic__837: 
case__15: 
logic__250: 
logic__370: 
logic__191: 
logic__193: 
logic__629: 
logic__49: 
logic__268: 
mul_unit: 
logic__407: 
reg__61: 
logic__20: 
logic__235: 
reg__204: 
logic__502: 
logic__4: 
logic__1020: 
MB_FDR: 
MB_LUT4__parameterized29: 
logic__1126: 
logic__988: 
datapath__20: 
reg__165: 
logic__767: 
reg__112: 
keep__15: 
reg__145: 
case__76: 
reg__181: 
logic__1004: 
logic__951: 
MB_LUT2: 
reg__47: 
case__27: 
case__52: 
reg__250: 
MB_FDS: 
logic__1153: 
Result_Mux: 
logic__12: 
logic__432: 
reg__231: 
datapath__15: 
reg__199: 
logic__635: 
MB_LUT5: 
reg__73: 
logic__816: 
MB_MUXCY: 
interrupt_mode_converter: 
reg__95: 
logic__979: 
logic__460: 
count_leading_zeros: 
logic__276: 
logic__128: 
logic__1239: 
logic__939: 
logic__258: 
reg__16: 
reg__21: 
datapath__8: 
logic__851: 
reg__77: 
MicroBlaze_Core: 
datapath__56: 
case__11: 
logic__739: 
datapath__23: 
reg__70: 
MB_LUT6_2__parameterized8: 
case__19: 
logic__546: 
logic__30: 
reg__243: 
reg__147: 
reg__20: 
case__133: 
muxpart__8: 
logic__1015: 
logic__492: 
reg__91: 
logic__82: 
logic__21: 
reg__138: 
reg__197: 
logic__1001: 
logic__293: 
datapath__47: 
logic__304: 
case__13: 
reg__25: 
logic__269: 
logic__33: 
case__123: 
reg__164: 
logic__613: 
reg__42: 
reg__159: 
logic__1026: 
logic__491: 
logic__249: 
datapath__33: 
logic__1050: 
logic__150: 
logic__122: 
case__33: 
Decode: 
case__37: 
logic__1213: 
logic__1118: 
logic__72: 
logic__145: 
logic__25: 
logic__994: 
logic__1173: 
logic__1042: 
case__106: 
logic__184: 
reg__65: 
reg__133: 
logic__297: 
logic__107: 
case__109: 
datapath__44: 
case__126: 
reg__45: 
reg__57: 
reg__135: 
logic__7: 
reg__174: 
ALU_Bit__parameterized2: 
logic__1238: 
logic__999: 
MB_DSP48E1__parameterized1: 
logic__421: 
Operand_Select_Bit__parameterized12: 
logic__363: 
logic__1132: 
logic__336: 
reg__15: 
case__66: 
reg__222: 
case__47: 
logic__1141: 
datapath__36: 
keep__2: 
datapath__53: 
Result_Mux_Bit: 
logic__1076: 
reg__139: 
logic__371: 
case__114: 
Operand_Select_Bit__parameterized4: 
muxpart__11: 
logic__179: 
logic__192: 
logic__620: 
MB_LUT4__parameterized5: 
logic__471: 
logic__1174: 
logic__1079: 
logic__263: 
logic__285: 
logic__1144: 
reg__90: 
logic__668: 
datapath__66: 
reg__64: 
datapath__57: 
logic__19: 
reg__224: 
logic__1228: 
datapath__64: 
logic__760: 
logic__186: 
reg__22: 
logic__480: 
reg__157: 
reg__151: 
reg__60: 
reg__235: 
logic__459: 
datapath__18: 
case__130: 
PreFetch_Buffer: 
logic__112: 
logic__216: 
reg__17: 
case__44: 
case__63: 
logic__233: 
reg__195: 
logic__97: 
logic__299: 
reg__62: 
reg__225: 
case__70: 
logic__1176: 
logic__983: 
reg__227: 
MB_LUT4__parameterized31: 
logic__469: 
muxpart__6: 
reg__114: 
reg__186: 
MB_MUXCY_XORCY: 
reg__97: 
case__28: 
datapath__59: 
reg__189: 
logic__349: 
reg__41: 
case__48: 
case__132: 
logic__1198: 
PC_Bit: 
reg__32: 
MB_SRL16E__parameterized14: 
logic__809: 
reg__163: 
logic__232: 
reg__148: 
logic__364: 
logic__1: 
reg__54: 
Operand_Select: 
logic__92: 
logic__498: 
reg__37: 
logic__318: 
case__10: 
case__91: 
datapath__21: 
logic__1225: 
logic__1019: 
logic__1003: 
muxpart__4: 
logic__352: 
case__56: 
reg__155: 
logic__200: 
logic__1138: 
case__81: 
reg__245: 
logic__251: 
case__57: 
case__141: 
reg__132: 
reg__242: 
keep__8: 
logic__872: 
reg__232: 
logic__329: 
MB_LUT6_2__parameterized4: 
datapath__60: 
case__18: 
reg__244: 
logic__243: 
case__82: 
case__39: 
logic__110: 
MB_MUXF7: 
reg__104: 
keep__13: 
logic__91: 
datapath__17: 
MB_LUT6_2__parameterized16: 
Register_File_Bit: 
muxpart__9: 
logic__324: 
logic__1234: 
muxpart__5: 
logic__46: 
logic__543: 
case__78: 
MB_LUT6_2__parameterized12: 
reg__7: 
keep__16: 
mb_sync_bit__parameterized2: 
logic__542: 
logic__1022: 
datapath__39: 
logic__133: 
case__95: 
logic__229: 
reg__53: 
case__94: 
datapath__29: 
reg__14: 
MB_SRLC16E: 
logic__273: 
case: 
logic__283: 
logic__1082: 
reg__111: 
reg__193: 
logic__408: 
logic__11: 
logic__934: 
reg__120: 
reg__4: 
reg__40: 
Shift_Logic_Module: 
reg__137: 
reg__92: 
reg__252: 
logic__1039: 
logic__323: 
muxpart__10: 
MB_LUT2__parameterized2: 
reg__85: 
case__2: 
logic__1152: 
logic__1058: 
reg__154: 
logic__964: 
case__31: 
logic__292: 
logic__1168: 
datapath__11: 
datapath__25: 
MB_SRL16E__parameterized6: 
logic__36: 
logic__17: 
logic__433: 
MB_LUT3__parameterized3: 
MB_FDRSE: 
reg__30: 
datapath__27: 
case__34: 
logic__166: 
reg__75: 
logic__669: 
logic__183: 
logic__1105: 
logic__96: 
reg__117: 
logic__1180: 
logic__1051: 
reg__48: 
logic__14: 
MB_SRL16E__parameterized10: 
reg__128: 
logic__130: 
reg__36: 
keep__10: 
logic__1011: 
case__54: 
reg__51: 
Shift_Logic_Bit: 
reg__200: 
reg__122: 
logic__301: 
logic__1227: 
datapath__40: 
reg__248: 
reg__115: 
case__80: 
logic__633: 
case__97: 
datapath__58: 
case__5: 
logic__6: 
case__138: 
muxpart__3: 
case__60: 
logic__1000: 
barrel_shift: 
logic__345: 
case__83: 
reg__105: 
reg__136: 
logic__1045: 
logic__1029: 
MB_LUT4__parameterized33: 
case__22: 
PVR: 
logic__385: 
reg__96: 
logic__43: 
datapath__63: 
case__102: 
logic__131: 
reg__236: 
logic__593: 
logic__485: 
case__1: 
logic__151: 
case__30: 
logic__1165: 
case__26: 
logic__995: 
logic__28: 
reg__237: 
Operand_Select_Bit__parameterized8: 
reg__215: 
reg: 
ALU: 
reg__23: 
logic__266: 
logic__1057: 
datapath__26: 
MB_LUT4__parameterized17: 
MSR_Reg: 
logic__221: 
logic__315: 
MSR_Reg_Bit: 
reg__38: 
reg__81: 
reg__123: 
logic__823: 
reg__11: 
logic__202: 
logic__704: 
reg__1: 
reg__18: 
logic__261: 
logic__137: 
logic__215: 
logic__298: 
reg__125: 
logic__858: 
logic__13: 
case__111: 
reg__167: 
logic__670: 
datapath__16: 
MB_FDRE: 
datapath__68: 
case__115: 
logic__495: 
logic__60: 
logic__252: 
datapath__22: 
case__55: 
logic__503: 
reg__26: 
reg__172: 
keep__9: 
case__116: 
logic__1085: 
case__38: 
logic__1093: 
logic__125: 
reg__102: 
logic__190: 
Debug: 
reg__67: 
case__104: 
reg__146: 
logic__1240: 
logic__303: 
logic__470: 
case__103: 
logic__257: 
logic__1170: 
case__6: 
logic__926: 
reg__118: 
logic__445: 
logic__1187: 
reg__108: 
logic__189: 
MB_LUT4__parameterized25: 
logic__746: 
logic__77: 
reg__44: 
logic__933: 
datapath__49: 
reg__230: 
logic__1224: 
logic__450: 
logic__288: 
reg__3: 
logic__144: 
case__136: 
logic__302: 
logic__963: 
reg__188: 
case__67: 
logic__943: 
logic__204: 
reg__217: 
logic__308: 
keep__5: 
logic__1209: 
logic__1104: 
reg__116: 
datapath__14: 
case__24: 
logic__1113: 
logic__335: 
logic__111: 
logic__194: 
ALU_Bit: 
case__9: 
logic__1156: 
case__120: 
reg__182: 
logic__424: 
logic__526: 
logic__10: 
datapath__45: 
logic__1067: 
logic__24: 
MB_LUT4__parameterized7: 
reg__127: 
case__45: 
logic__725: 
reg__113: 
logic__159: 
MB_LUT4__parameterized21: 
case__117: 
datapath__52: 
case__131: 
logic__220: 
reg__9: 
logic__132: 
reg__162: 
MB_FD: 
case__14: 
logic__355: 
MB_LUT4__parameterized1: 
logic__106: 
reg__141: 
logic__1231: 
reg__28: 
datapath__43: 
reg__246: 
logic__1064: 
case__92: 
logic__58: 
reg__124: 
reg__63: 
logic__203: 
logic__382: 
reg__101: 
reg__221: 
logic__334: 
reg__170: 
logic__366: 
logic__50: 
logic__138: 
reg__153: 
logic__1223: 
logic__1192: 
reg__203: 
datapath__46: 
reg__106: 
MB_LUT4__parameterized23: 
logic__80: 
case__69: 
reg__206: 
logic__119: 
logic__1147: 
case__59: 
logic__1218: 
reg__103: 
logic__270: 
logic__1172: 
case__77: 
case__71: 
reg__152: 
logic__718: 
datapath__5: 
reg__233: 
datapath__55: 
datapath__24: 
reg__220: 
logic__9: 
reg__24: 
logic__267: 
case__42: 
reg__8: 
logic__393: 
reg__71: 
reg__33: 
reg__68: 
logic__256: 
logic__348: 
logic__562: 
reg__39: 
MB_LUT4: 
datapath__48: 
MB_LUT4__parameterized9: 
reg__207: 
datapath: 
reg__184: 
reg__49: 
case__40: 
reg__171: 
case__74: 
case__135: 
case__137: 
reg__99: 
logic__463: 
logic__182: 
keep__14: 
reg__223: 
logic__391: 
MB_LUT6__parameterized1: 
logic__18: 
logic: 
logic__1197: 
logic__935: 
reg__83: 
logic__522: 
reg__176: 
logic__997: 
reg__107: 
MB_LUT3__parameterized1: 
case__99: 
logic__996: 
reg__180: 
MB_LUT3__parameterized5: 
logic__260: 
datapath__28: 
logic__282: 
logic__437: 
mb_block_microblaze_0_0: 
logic__458: 
logic__481: 
Zero_Detect: 
datapath__62: 
reg__82: 
case__32: 
logic__1233: 
logic__987: 
logic__225: 
reg__100: 
MicroBlaze: 
MB_LUT4__parameterized13: 
reg__130: 
logic__56: 
keep__17: 
logic__501: 
logic__406: 
logic__307: 
keep: 
case__118: 
logic__405: 
logic__81: 
reg__205: 
logic__333: 
MB_LUT6_2__parameterized2: 
logic__390: 
logic__1162: 
logic__389: 
logic__286: 
logic__48: 
logic__398: 
logic__753: 
logic__1129: 
case__46: 
muxpart: 
reg__187: 
case__17: 
logic__563: 
reg__178: 
logic__1235: 
reg__218: 
logic__482: 
logic__1205: 
case__62: 
logic__1036: 
datapath__31: 
logic__234: 
logic__358: 
logic__88: 
MB_SRL16E__parameterized2: 
logic__129: 
logic__1226: 
datapath__3: 
reg__209: 
reg__175: 
reg__239: 
MB_SRL16E: 
logic__262: 
logic__180: 
datapath__35: 
logic__1200: 
reg__29: 
muxpart__2: 
reg__129: 
logic__326: 
logic__1179: 
logic__71: 
logic__1135: 
reg__55: 
reg__228: 
reg__13: 
case__72: 
case__53: 
reg__241: 
MB_LUT6_2__parameterized10: 
logic__5: 
reg__80: 
case__119: 
case__105: 
MB_LUT4__parameterized15: 
reg__192: 
logic__774: 
reg__216: 
xil_scan_reset_control: 
logic__998: 
logic__1075: 
reg__142: 
case__108: 
case__36: 
MB_LUT4__parameterized27: 
logic__955: 
reg__27: 
case__121: 
case__86: 
reg__119: 
logic__404: 
datapath__34: 
datapath__51: 
case__25: 
case__49: 
reg__5: 
muxpart__1: 
case__122: 
MB_LUT3: 
datapath__37: 
case__50: 
reg__6: 
MB_SRL16E__parameterized4: 
case__4: 
Operand_Select_Bit__parameterized6: 
case__75: 
MB_LUT6_2: 
reg__213: 
dsp_module__parameterized3: 
case__64: 
logic__1222: 
case__127: 
reg__177: 
reg__150: 
logic__938: 
keep__7: 
logic__205: 
case__140: 
keep__3: 
datapath__1: 
Data_Flow: 
reg__109: 
logic__67: 
MB_LUT6: 
MB_LUT4__parameterized11: 
logic__185: 
logic__409: 
logic__474: 
logic__410: 
case__23: 
logic__830: 
datapath__50: 
keep__12: 
logic__1070: 
logic__68: 
reg__43: 
reg__46: 
case__35: 
datapath__9: 
logic__54: 
case__87: 
logic__47: 
logic__61: 
logic__1149: 
PC_Bit__parameterized2: 
reg__247: 
logic__1080: 
logic__365: 
case__90: 
reg__134: 
case__3: 
logic__26: 
logic__172: 
Operand_Select_Bit__parameterized10: 
